Str 'F' (Str 'a' (Str 'l' (Str 's' (Str 'e' (Str 'a' (Str '1' (Str '1' (Str '0' (Str '0' (Str '5' (Str '0' (Str '2' (Str '0' (Str '(' (Str '1' (Str '0' (Str ',' (Str '1' (Str '5' (Str ')' (Str '{' (Str '(' (Str '1' (Str ',' (Str '1' (Str ')' (Str ',' (Str '(' (Str '2' (Str ',' (Str '2' (Str ')' (Str ',' (Str '(' (Str '3' (Str ',' (Str '3' (Str ')' (Str '}' Nil)))))))))))))))))))))))))))))))))))))))\n