Ami got cake!\nBoe got disappointment\nCai got disappointment\n()\n
Ami got cake!\nBoe got disappointment\n()\nCai got disappointment\n
Ami got cake!\n()\nBoe got disappointment\nCai got disappointment\n
()\nAmi got cake!\nBoe got disappointment\nCai got disappointment\n
Boe got cake!\nAmi got disappointment\nCai got disappointment\n()\n
Boe got cake!\nAmi got disappointment\n()\nCai got disappointment\n
Boe got cake!\n()\nAmi got disappointment\nCai got disappointment\n
()\nBoe got cake!\nAmi got disappointment\nCai got disappointment\n
Cai got cake!\nAmi got disappointment\nBoe got disappointment\n()\n
Cai got cake!\nAmi got disappointment\n()\nBoe got disappointment\n
Cai got cake!\n()\nAmi got disappointment\nBoe got disappointment\n
()\nCai got cake!\nAmi got disappointment\nBoe got disappointment\n
Ami got cake!\nCai got disappointment\nBoe got disappointment\n()\n
Ami got cake!\nCai got disappointment\n()\nBoe got disappointment\n
Ami got cake!\n()\nCai got disappointment\nBoe got disappointment\n
()\nAmi got cake!\nCai got disappointment\nBoe got disappointment\n
Boe got cake!\nCai got disappointment\nAmi got disappointment\n()\n
Boe got cake!\nCai got disappointment\n()\nAmi got disappointment\n
Boe got cake!\n()\nCai got disappointment\nAmi got disappointment\n
()\nBoe got cake!\nCai got disappointment\nAmi got disappointment\n
Cai got cake!\nBoe got disappointment\nAmi got disappointment\n()\n
Cai got cake!\nBoe got disappointment\n()\nAmi got disappointment\n
Cai got cake!\n()\nBoe got disappointment\nAmi got disappointment\n
()\nCai got cake!\nBoe got disappointment\nAmi got disappointment\n
Ami got disappointment\nBoe got cake!\nCai got disappointment\n()\n
Ami got disappointment\nBoe got cake!\n()\nCai got disappointment\n
Ami got disappointment\n()\nBoe got cake!\nCai got disappointment\n
()\nAmi got disappointment\nBoe got cake!\nCai got disappointment\n
Boe got disappointment\nAmi got cake!\nCai got disappointment\n()\n
Boe got disappointment\nAmi got cake!\n()\nCai got disappointment\n
Boe got disappointment\n()\nAmi got cake!\nCai got disappointment\n
()\nBoe got disappointment\nAmi got cake!\nCai got disappointment\n
Cai got disappointment\nAmi got cake!\nBoe got disappointment\n()\n
Cai got disappointment\nAmi got cake!\n()\nBoe got disappointment\n
Cai got disappointment\n()\nAmi got cake!\nBoe got disappointment\n
()\nCai got disappointment\nAmi got cake!\nBoe got disappointment\n
Ami got disappointment\nCai got cake!\nBoe got disappointment\n()\n
Ami got disappointment\nCai got cake!\n()\nBoe got disappointment\n
Ami got disappointment\n()\nCai got cake!\nBoe got disappointment\n
()\nAmi got disappointment\nCai got cake!\nBoe got disappointment\n
Boe got disappointment\nCai got cake!\nAmi got disappointment\n()\n
Boe got disappointment\nCai got cake!\n()\nAmi got disappointment\n
Boe got disappointment\n()\nCai got cake!\nAmi got disappointment\n
()\nBoe got disappointment\nCai got cake!\nAmi got disappointment\n
Cai got disappointment\nBoe got cake!\nAmi got disappointment\n()\n
Cai got disappointment\nBoe got cake!\n()\nAmi got disappointment\n
Cai got disappointment\n()\nBoe got cake!\nAmi got disappointment\n
()\nCai got disappointment\nBoe got cake!\nAmi got disappointment\n
Ami got disappointment\nBoe got disappointment\nCai got cake!\n()\n
Ami got disappointment\nBoe got disappointment\n()\nCai got cake!\n
Ami got disappointment\n()\nBoe got disappointment\nCai got cake!\n
()\nAmi got disappointment\nBoe got disappointment\nCai got cake!\n
Boe got disappointment\nAmi got disappointment\nCai got cake!\n()\n
Boe got disappointment\nAmi got disappointment\n()\nCai got cake!\n
Boe got disappointment\n()\nAmi got disappointment\nCai got cake!\n
()\nBoe got disappointment\nAmi got disappointment\nCai got cake!\n
Cai got disappointment\nAmi got disappointment\nBoe got cake!\n()\n
Cai got disappointment\nAmi got disappointment\n()\nBoe got cake!\n
Cai got disappointment\n()\nAmi got disappointment\nBoe got cake!\n
()\nCai got disappointment\nAmi got disappointment\nBoe got cake!\n
Ami got disappointment\nCai got disappointment\nBoe got cake!\n()\n
Ami got disappointment\nCai got disappointment\n()\nBoe got cake!\n
Ami got disappointment\n()\nCai got disappointment\nBoe got cake!\n
()\nAmi got disappointment\nCai got disappointment\nBoe got cake!\n
Boe got disappointment\nCai got disappointment\nAmi got cake!\n()\n
Boe got disappointment\nCai got disappointment\n()\nAmi got cake!\n
Boe got disappointment\n()\nCai got disappointment\nAmi got cake!\n
()\nBoe got disappointment\nCai got disappointment\nAmi got cake!\n
Cai got disappointment\nBoe got disappointment\nAmi got cake!\n()\n
Cai got disappointment\nBoe got disappointment\n()\nAmi got cake!\n
Cai got disappointment\n()\nBoe got disappointment\nAmi got cake!\n
()\nCai got disappointment\nBoe got disappointment\nAmi got cake!\n