()\nCan only accept donations from year 2013\nCharging 10 euros on card 1004\nCharging 10 euros on card 1004\nCharging 5 euros on card 2345\nCharging 5 euros on card 2345\n
()\nCan only accept donations from year 2013\nCharging 10 euros on card 1004\nCharging 5 euros on card 2345\nCharging 10 euros on card 1004\nCharging 5 euros on card 2345\n
()\nCan only accept donations from year 2013\nCharging 10 euros on card 1004\nCharging 5 euros on card 2345\nCharging 5 euros on card 2345\nCharging 10 euros on card 1004\n
()\nCan only accept donations from year 2013\nCharging 5 euros on card 2345\nCharging 10 euros on card 1004\nCharging 10 euros on card 1004\nCharging 5 euros on card 2345\n
()\nCan only accept donations from year 2013\nCharging 5 euros on card 2345\nCharging 10 euros on card 1004\nCharging 5 euros on card 2345\nCharging 10 euros on card 1004\n
()\nCan only accept donations from year 2013\nCharging 5 euros on card 2345\nCharging 5 euros on card 2345\nCharging 10 euros on card 1004\nCharging 10 euros on card 1004\n
()\nCharging 10 euros on card 1004\nCan only accept donations from year 2013\nCharging 10 euros on card 1004\nCharging 5 euros on card 2345\nCharging 5 euros on card 2345\n
()\nCharging 10 euros on card 1004\nCan only accept donations from year 2013\nCharging 5 euros on card 2345\nCharging 10 euros on card 1004\nCharging 5 euros on card 2345\n
()\nCharging 10 euros on card 1004\nCan only accept donations from year 2013\nCharging 5 euros on card 2345\nCharging 5 euros on card 2345\nCharging 10 euros on card 1004\n
()\nCharging 10 euros on card 1004\nCharging 10 euros on card 1004\nCan only accept donations from year 2013\nCharging 5 euros on card 2345\nCharging 5 euros on card 2345\n
()\nCharging 10 euros on card 1004\nCharging 10 euros on card 1004\nCharging 5 euros on card 2345\nCan only accept donations from year 2013\nCharging 5 euros on card 2345\n
()\nCharging 10 euros on card 1004\nCharging 10 euros on card 1004\nCharging 5 euros on card 2345\nCharging 5 euros on card 2345\nCan only accept donations from year 2013\n
()\nCharging 10 euros on card 1004\nCharging 5 euros on card 2345\nCan only accept donations from year 2013\nCharging 10 euros on card 1004\nCharging 5 euros on card 2345\n
()\nCharging 10 euros on card 1004\nCharging 5 euros on card 2345\nCan only accept donations from year 2013\nCharging 5 euros on card 2345\nCharging 10 euros on card 1004\n
()\nCharging 10 euros on card 1004\nCharging 5 euros on card 2345\nCharging 10 euros on card 1004\nCan only accept donations from year 2013\nCharging 5 euros on card 2345\n
()\nCharging 10 euros on card 1004\nCharging 5 euros on card 2345\nCharging 10 euros on card 1004\nCharging 5 euros on card 2345\nCan only accept donations from year 2013\n
()\nCharging 10 euros on card 1004\nCharging 5 euros on card 2345\nCharging 5 euros on card 2345\nCan only accept donations from year 2013\nCharging 10 euros on card 1004\n
()\nCharging 10 euros on card 1004\nCharging 5 euros on card 2345\nCharging 5 euros on card 2345\nCharging 10 euros on card 1004\nCan only accept donations from year 2013\n
()\nCharging 5 euros on card 2345\nCan only accept donations from year 2013\nCharging 10 euros on card 1004\nCharging 10 euros on card 1004\nCharging 5 euros on card 2345\n
()\nCharging 5 euros on card 2345\nCan only accept donations from year 2013\nCharging 10 euros on card 1004\nCharging 5 euros on card 2345\nCharging 10 euros on card 1004\n
()\nCharging 5 euros on card 2345\nCan only accept donations from year 2013\nCharging 5 euros on card 2345\nCharging 10 euros on card 1004\nCharging 10 euros on card 1004\n
()\nCharging 5 euros on card 2345\nCharging 10 euros on card 1004\nCan only accept donations from year 2013\nCharging 10 euros on card 1004\nCharging 5 euros on card 2345\n
()\nCharging 5 euros on card 2345\nCharging 10 euros on card 1004\nCan only accept donations from year 2013\nCharging 5 euros on card 2345\nCharging 10 euros on card 1004\n
()\nCharging 5 euros on card 2345\nCharging 10 euros on card 1004\nCharging 10 euros on card 1004\nCan only accept donations from year 2013\nCharging 5 euros on card 2345\n
()\nCharging 5 euros on card 2345\nCharging 10 euros on card 1004\nCharging 10 euros on card 1004\nCharging 5 euros on card 2345\nCan only accept donations from year 2013\n
()\nCharging 5 euros on card 2345\nCharging 10 euros on card 1004\nCharging 5 euros on card 2345\nCan only accept donations from year 2013\nCharging 10 euros on card 1004\n
()\nCharging 5 euros on card 2345\nCharging 10 euros on card 1004\nCharging 5 euros on card 2345\nCharging 10 euros on card 1004\nCan only accept donations from year 2013\n
()\nCharging 5 euros on card 2345\nCharging 5 euros on card 2345\nCan only accept donations from year 2013\nCharging 10 euros on card 1004\nCharging 10 euros on card 1004\n
()\nCharging 5 euros on card 2345\nCharging 5 euros on card 2345\nCharging 10 euros on card 1004\nCan only accept donations from year 2013\nCharging 10 euros on card 1004\n
()\nCharging 5 euros on card 2345\nCharging 5 euros on card 2345\nCharging 10 euros on card 1004\nCharging 10 euros on card 1004\nCan only accept donations from year 2013\n
Can only accept donations from year 2013\n()\nCharging 10 euros on card 1004\nCharging 10 euros on card 1004\nCharging 5 euros on card 2345\nCharging 5 euros on card 2345\n
Can only accept donations from year 2013\n()\nCharging 10 euros on card 1004\nCharging 5 euros on card 2345\nCharging 10 euros on card 1004\nCharging 5 euros on card 2345\n
Can only accept donations from year 2013\n()\nCharging 10 euros on card 1004\nCharging 5 euros on card 2345\nCharging 5 euros on card 2345\nCharging 10 euros on card 1004\n
Can only accept donations from year 2013\n()\nCharging 5 euros on card 2345\nCharging 10 euros on card 1004\nCharging 10 euros on card 1004\nCharging 5 euros on card 2345\n
Can only accept donations from year 2013\n()\nCharging 5 euros on card 2345\nCharging 10 euros on card 1004\nCharging 5 euros on card 2345\nCharging 10 euros on card 1004\n
Can only accept donations from year 2013\n()\nCharging 5 euros on card 2345\nCharging 5 euros on card 2345\nCharging 10 euros on card 1004\nCharging 10 euros on card 1004\n
Can only accept donations from year 2013\nCharging 10 euros on card 1004\n()\nCharging 10 euros on card 1004\nCharging 5 euros on card 2345\nCharging 5 euros on card 2345\n
Can only accept donations from year 2013\nCharging 10 euros on card 1004\n()\nCharging 5 euros on card 2345\nCharging 10 euros on card 1004\nCharging 5 euros on card 2345\n
Can only accept donations from year 2013\nCharging 10 euros on card 1004\n()\nCharging 5 euros on card 2345\nCharging 5 euros on card 2345\nCharging 10 euros on card 1004\n
Can only accept donations from year 2013\nCharging 10 euros on card 1004\nCharging 10 euros on card 1004\n()\nCharging 5 euros on card 2345\nCharging 5 euros on card 2345\n
Can only accept donations from year 2013\nCharging 10 euros on card 1004\nCharging 10 euros on card 1004\nCharging 5 euros on card 2345\n()\nCharging 5 euros on card 2345\n
Can only accept donations from year 2013\nCharging 10 euros on card 1004\nCharging 10 euros on card 1004\nCharging 5 euros on card 2345\nCharging 5 euros on card 2345\n()\n
Can only accept donations from year 2013\nCharging 10 euros on card 1004\nCharging 5 euros on card 2345\n()\nCharging 10 euros on card 1004\nCharging 5 euros on card 2345\n
Can only accept donations from year 2013\nCharging 10 euros on card 1004\nCharging 5 euros on card 2345\n()\nCharging 5 euros on card 2345\nCharging 10 euros on card 1004\n
Can only accept donations from year 2013\nCharging 10 euros on card 1004\nCharging 5 euros on card 2345\nCharging 10 euros on card 1004\n()\nCharging 5 euros on card 2345\n
Can only accept donations from year 2013\nCharging 10 euros on card 1004\nCharging 5 euros on card 2345\nCharging 10 euros on card 1004\nCharging 5 euros on card 2345\n()\n
Can only accept donations from year 2013\nCharging 10 euros on card 1004\nCharging 5 euros on card 2345\nCharging 5 euros on card 2345\n()\nCharging 10 euros on card 1004\n
Can only accept donations from year 2013\nCharging 10 euros on card 1004\nCharging 5 euros on card 2345\nCharging 5 euros on card 2345\nCharging 10 euros on card 1004\n()\n
Can only accept donations from year 2013\nCharging 5 euros on card 2345\n()\nCharging 10 euros on card 1004\nCharging 10 euros on card 1004\nCharging 5 euros on card 2345\n
Can only accept donations from year 2013\nCharging 5 euros on card 2345\n()\nCharging 10 euros on card 1004\nCharging 5 euros on card 2345\nCharging 10 euros on card 1004\n
Can only accept donations from year 2013\nCharging 5 euros on card 2345\n()\nCharging 5 euros on card 2345\nCharging 10 euros on card 1004\nCharging 10 euros on card 1004\n
Can only accept donations from year 2013\nCharging 5 euros on card 2345\nCharging 10 euros on card 1004\n()\nCharging 10 euros on card 1004\nCharging 5 euros on card 2345\n
Can only accept donations from year 2013\nCharging 5 euros on card 2345\nCharging 10 euros on card 1004\n()\nCharging 5 euros on card 2345\nCharging 10 euros on card 1004\n
Can only accept donations from year 2013\nCharging 5 euros on card 2345\nCharging 10 euros on card 1004\nCharging 10 euros on card 1004\n()\nCharging 5 euros on card 2345\n
Can only accept donations from year 2013\nCharging 5 euros on card 2345\nCharging 10 euros on card 1004\nCharging 10 euros on card 1004\nCharging 5 euros on card 2345\n()\n
Can only accept donations from year 2013\nCharging 5 euros on card 2345\nCharging 10 euros on card 1004\nCharging 5 euros on card 2345\n()\nCharging 10 euros on card 1004\n
Can only accept donations from year 2013\nCharging 5 euros on card 2345\nCharging 10 euros on card 1004\nCharging 5 euros on card 2345\nCharging 10 euros on card 1004\n()\n
Can only accept donations from year 2013\nCharging 5 euros on card 2345\nCharging 5 euros on card 2345\n()\nCharging 10 euros on card 1004\nCharging 10 euros on card 1004\n
Can only accept donations from year 2013\nCharging 5 euros on card 2345\nCharging 5 euros on card 2345\nCharging 10 euros on card 1004\n()\nCharging 10 euros on card 1004\n
Can only accept donations from year 2013\nCharging 5 euros on card 2345\nCharging 5 euros on card 2345\nCharging 10 euros on card 1004\nCharging 10 euros on card 1004\n()\n
Charging 10 euros on card 1004\n()\nCan only accept donations from year 2013\nCharging 10 euros on card 1004\nCharging 5 euros on card 2345\nCharging 5 euros on card 2345\n
Charging 10 euros on card 1004\n()\nCan only accept donations from year 2013\nCharging 5 euros on card 2345\nCharging 10 euros on card 1004\nCharging 5 euros on card 2345\n
Charging 10 euros on card 1004\n()\nCan only accept donations from year 2013\nCharging 5 euros on card 2345\nCharging 5 euros on card 2345\nCharging 10 euros on card 1004\n
Charging 10 euros on card 1004\n()\nCharging 10 euros on card 1004\nCan only accept donations from year 2013\nCharging 5 euros on card 2345\nCharging 5 euros on card 2345\n
Charging 10 euros on card 1004\n()\nCharging 10 euros on card 1004\nCharging 5 euros on card 2345\nCan only accept donations from year 2013\nCharging 5 euros on card 2345\n
Charging 10 euros on card 1004\n()\nCharging 10 euros on card 1004\nCharging 5 euros on card 2345\nCharging 5 euros on card 2345\nCan only accept donations from year 2013\n
Charging 10 euros on card 1004\n()\nCharging 5 euros on card 2345\nCan only accept donations from year 2013\nCharging 10 euros on card 1004\nCharging 5 euros on card 2345\n
Charging 10 euros on card 1004\n()\nCharging 5 euros on card 2345\nCan only accept donations from year 2013\nCharging 5 euros on card 2345\nCharging 10 euros on card 1004\n
Charging 10 euros on card 1004\n()\nCharging 5 euros on card 2345\nCharging 10 euros on card 1004\nCan only accept donations from year 2013\nCharging 5 euros on card 2345\n
Charging 10 euros on card 1004\n()\nCharging 5 euros on card 2345\nCharging 10 euros on card 1004\nCharging 5 euros on card 2345\nCan only accept donations from year 2013\n
Charging 10 euros on card 1004\n()\nCharging 5 euros on card 2345\nCharging 5 euros on card 2345\nCan only accept donations from year 2013\nCharging 10 euros on card 1004\n
Charging 10 euros on card 1004\n()\nCharging 5 euros on card 2345\nCharging 5 euros on card 2345\nCharging 10 euros on card 1004\nCan only accept donations from year 2013\n
Charging 10 euros on card 1004\nCan only accept donations from year 2013\n()\nCharging 10 euros on card 1004\nCharging 5 euros on card 2345\nCharging 5 euros on card 2345\n
Charging 10 euros on card 1004\nCan only accept donations from year 2013\n()\nCharging 5 euros on card 2345\nCharging 10 euros on card 1004\nCharging 5 euros on card 2345\n
Charging 10 euros on card 1004\nCan only accept donations from year 2013\n()\nCharging 5 euros on card 2345\nCharging 5 euros on card 2345\nCharging 10 euros on card 1004\n
Charging 10 euros on card 1004\nCan only accept donations from year 2013\nCharging 10 euros on card 1004\n()\nCharging 5 euros on card 2345\nCharging 5 euros on card 2345\n
Charging 10 euros on card 1004\nCan only accept donations from year 2013\nCharging 10 euros on card 1004\nCharging 5 euros on card 2345\n()\nCharging 5 euros on card 2345\n
Charging 10 euros on card 1004\nCan only accept donations from year 2013\nCharging 10 euros on card 1004\nCharging 5 euros on card 2345\nCharging 5 euros on card 2345\n()\n
Charging 10 euros on card 1004\nCan only accept donations from year 2013\nCharging 5 euros on card 2345\n()\nCharging 10 euros on card 1004\nCharging 5 euros on card 2345\n
Charging 10 euros on card 1004\nCan only accept donations from year 2013\nCharging 5 euros on card 2345\n()\nCharging 5 euros on card 2345\nCharging 10 euros on card 1004\n
Charging 10 euros on card 1004\nCan only accept donations from year 2013\nCharging 5 euros on card 2345\nCharging 10 euros on card 1004\n()\nCharging 5 euros on card 2345\n
Charging 10 euros on card 1004\nCan only accept donations from year 2013\nCharging 5 euros on card 2345\nCharging 10 euros on card 1004\nCharging 5 euros on card 2345\n()\n
Charging 10 euros on card 1004\nCan only accept donations from year 2013\nCharging 5 euros on card 2345\nCharging 5 euros on card 2345\n()\nCharging 10 euros on card 1004\n
Charging 10 euros on card 1004\nCan only accept donations from year 2013\nCharging 5 euros on card 2345\nCharging 5 euros on card 2345\nCharging 10 euros on card 1004\n()\n
Charging 10 euros on card 1004\nCharging 10 euros on card 1004\n()\nCan only accept donations from year 2013\nCharging 5 euros on card 2345\nCharging 5 euros on card 2345\n
Charging 10 euros on card 1004\nCharging 10 euros on card 1004\n()\nCharging 5 euros on card 2345\nCan only accept donations from year 2013\nCharging 5 euros on card 2345\n
Charging 10 euros on card 1004\nCharging 10 euros on card 1004\n()\nCharging 5 euros on card 2345\nCharging 5 euros on card 2345\nCan only accept donations from year 2013\n
Charging 10 euros on card 1004\nCharging 10 euros on card 1004\nCan only accept donations from year 2013\n()\nCharging 5 euros on card 2345\nCharging 5 euros on card 2345\n
Charging 10 euros on card 1004\nCharging 10 euros on card 1004\nCan only accept donations from year 2013\nCharging 5 euros on card 2345\n()\nCharging 5 euros on card 2345\n
Charging 10 euros on card 1004\nCharging 10 euros on card 1004\nCan only accept donations from year 2013\nCharging 5 euros on card 2345\nCharging 5 euros on card 2345\n()\n
Charging 10 euros on card 1004\nCharging 10 euros on card 1004\nCharging 5 euros on card 2345\n()\nCan only accept donations from year 2013\nCharging 5 euros on card 2345\n
Charging 10 euros on card 1004\nCharging 10 euros on card 1004\nCharging 5 euros on card 2345\n()\nCharging 5 euros on card 2345\nCan only accept donations from year 2013\n
Charging 10 euros on card 1004\nCharging 10 euros on card 1004\nCharging 5 euros on card 2345\nCan only accept donations from year 2013\n()\nCharging 5 euros on card 2345\n
Charging 10 euros on card 1004\nCharging 10 euros on card 1004\nCharging 5 euros on card 2345\nCan only accept donations from year 2013\nCharging 5 euros on card 2345\n()\n
Charging 10 euros on card 1004\nCharging 10 euros on card 1004\nCharging 5 euros on card 2345\nCharging 5 euros on card 2345\n()\nCan only accept donations from year 2013\n
Charging 10 euros on card 1004\nCharging 10 euros on card 1004\nCharging 5 euros on card 2345\nCharging 5 euros on card 2345\nCan only accept donations from year 2013\n()\n
Charging 10 euros on card 1004\nCharging 5 euros on card 2345\n()\nCan only accept donations from year 2013\nCharging 10 euros on card 1004\nCharging 5 euros on card 2345\n
Charging 10 euros on card 1004\nCharging 5 euros on card 2345\n()\nCan only accept donations from year 2013\nCharging 5 euros on card 2345\nCharging 10 euros on card 1004\n
Charging 10 euros on card 1004\nCharging 5 euros on card 2345\n()\nCharging 10 euros on card 1004\nCan only accept donations from year 2013\nCharging 5 euros on card 2345\n
Charging 10 euros on card 1004\nCharging 5 euros on card 2345\n()\nCharging 10 euros on card 1004\nCharging 5 euros on card 2345\nCan only accept donations from year 2013\n
Charging 10 euros on card 1004\nCharging 5 euros on card 2345\n()\nCharging 5 euros on card 2345\nCan only accept donations from year 2013\nCharging 10 euros on card 1004\n
Charging 10 euros on card 1004\nCharging 5 euros on card 2345\n()\nCharging 5 euros on card 2345\nCharging 10 euros on card 1004\nCan only accept donations from year 2013\n
Charging 10 euros on card 1004\nCharging 5 euros on card 2345\nCan only accept donations from year 2013\n()\nCharging 10 euros on card 1004\nCharging 5 euros on card 2345\n
Charging 10 euros on card 1004\nCharging 5 euros on card 2345\nCan only accept donations from year 2013\n()\nCharging 5 euros on card 2345\nCharging 10 euros on card 1004\n
Charging 10 euros on card 1004\nCharging 5 euros on card 2345\nCan only accept donations from year 2013\nCharging 10 euros on card 1004\n()\nCharging 5 euros on card 2345\n
Charging 10 euros on card 1004\nCharging 5 euros on card 2345\nCan only accept donations from year 2013\nCharging 10 euros on card 1004\nCharging 5 euros on card 2345\n()\n
Charging 10 euros on card 1004\nCharging 5 euros on card 2345\nCan only accept donations from year 2013\nCharging 5 euros on card 2345\n()\nCharging 10 euros on card 1004\n
Charging 10 euros on card 1004\nCharging 5 euros on card 2345\nCan only accept donations from year 2013\nCharging 5 euros on card 2345\nCharging 10 euros on card 1004\n()\n
Charging 10 euros on card 1004\nCharging 5 euros on card 2345\nCharging 10 euros on card 1004\n()\nCan only accept donations from year 2013\nCharging 5 euros on card 2345\n
Charging 10 euros on card 1004\nCharging 5 euros on card 2345\nCharging 10 euros on card 1004\n()\nCharging 5 euros on card 2345\nCan only accept donations from year 2013\n
Charging 10 euros on card 1004\nCharging 5 euros on card 2345\nCharging 10 euros on card 1004\nCan only accept donations from year 2013\n()\nCharging 5 euros on card 2345\n
Charging 10 euros on card 1004\nCharging 5 euros on card 2345\nCharging 10 euros on card 1004\nCan only accept donations from year 2013\nCharging 5 euros on card 2345\n()\n
Charging 10 euros on card 1004\nCharging 5 euros on card 2345\nCharging 10 euros on card 1004\nCharging 5 euros on card 2345\n()\nCan only accept donations from year 2013\n
Charging 10 euros on card 1004\nCharging 5 euros on card 2345\nCharging 10 euros on card 1004\nCharging 5 euros on card 2345\nCan only accept donations from year 2013\n()\n
Charging 10 euros on card 1004\nCharging 5 euros on card 2345\nCharging 5 euros on card 2345\n()\nCan only accept donations from year 2013\nCharging 10 euros on card 1004\n
Charging 10 euros on card 1004\nCharging 5 euros on card 2345\nCharging 5 euros on card 2345\n()\nCharging 10 euros on card 1004\nCan only accept donations from year 2013\n
Charging 10 euros on card 1004\nCharging 5 euros on card 2345\nCharging 5 euros on card 2345\nCan only accept donations from year 2013\n()\nCharging 10 euros on card 1004\n
Charging 10 euros on card 1004\nCharging 5 euros on card 2345\nCharging 5 euros on card 2345\nCan only accept donations from year 2013\nCharging 10 euros on card 1004\n()\n
Charging 10 euros on card 1004\nCharging 5 euros on card 2345\nCharging 5 euros on card 2345\nCharging 10 euros on card 1004\n()\nCan only accept donations from year 2013\n
Charging 10 euros on card 1004\nCharging 5 euros on card 2345\nCharging 5 euros on card 2345\nCharging 10 euros on card 1004\nCan only accept donations from year 2013\n()\n
Charging 5 euros on card 2345\n()\nCan only accept donations from year 2013\nCharging 10 euros on card 1004\nCharging 10 euros on card 1004\nCharging 5 euros on card 2345\n
Charging 5 euros on card 2345\n()\nCan only accept donations from year 2013\nCharging 10 euros on card 1004\nCharging 5 euros on card 2345\nCharging 10 euros on card 1004\n
Charging 5 euros on card 2345\n()\nCan only accept donations from year 2013\nCharging 5 euros on card 2345\nCharging 10 euros on card 1004\nCharging 10 euros on card 1004\n
Charging 5 euros on card 2345\n()\nCharging 10 euros on card 1004\nCan only accept donations from year 2013\nCharging 10 euros on card 1004\nCharging 5 euros on card 2345\n
Charging 5 euros on card 2345\n()\nCharging 10 euros on card 1004\nCan only accept donations from year 2013\nCharging 5 euros on card 2345\nCharging 10 euros on card 1004\n
Charging 5 euros on card 2345\n()\nCharging 10 euros on card 1004\nCharging 10 euros on card 1004\nCan only accept donations from year 2013\nCharging 5 euros on card 2345\n
Charging 5 euros on card 2345\n()\nCharging 10 euros on card 1004\nCharging 10 euros on card 1004\nCharging 5 euros on card 2345\nCan only accept donations from year 2013\n
Charging 5 euros on card 2345\n()\nCharging 10 euros on card 1004\nCharging 5 euros on card 2345\nCan only accept donations from year 2013\nCharging 10 euros on card 1004\n
Charging 5 euros on card 2345\n()\nCharging 10 euros on card 1004\nCharging 5 euros on card 2345\nCharging 10 euros on card 1004\nCan only accept donations from year 2013\n
Charging 5 euros on card 2345\n()\nCharging 5 euros on card 2345\nCan only accept donations from year 2013\nCharging 10 euros on card 1004\nCharging 10 euros on card 1004\n
Charging 5 euros on card 2345\n()\nCharging 5 euros on card 2345\nCharging 10 euros on card 1004\nCan only accept donations from year 2013\nCharging 10 euros on card 1004\n
Charging 5 euros on card 2345\n()\nCharging 5 euros on card 2345\nCharging 10 euros on card 1004\nCharging 10 euros on card 1004\nCan only accept donations from year 2013\n
Charging 5 euros on card 2345\nCan only accept donations from year 2013\n()\nCharging 10 euros on card 1004\nCharging 10 euros on card 1004\nCharging 5 euros on card 2345\n
Charging 5 euros on card 2345\nCan only accept donations from year 2013\n()\nCharging 10 euros on card 1004\nCharging 5 euros on card 2345\nCharging 10 euros on card 1004\n
Charging 5 euros on card 2345\nCan only accept donations from year 2013\n()\nCharging 5 euros on card 2345\nCharging 10 euros on card 1004\nCharging 10 euros on card 1004\n
Charging 5 euros on card 2345\nCan only accept donations from year 2013\nCharging 10 euros on card 1004\n()\nCharging 10 euros on card 1004\nCharging 5 euros on card 2345\n
Charging 5 euros on card 2345\nCan only accept donations from year 2013\nCharging 10 euros on card 1004\n()\nCharging 5 euros on card 2345\nCharging 10 euros on card 1004\n
Charging 5 euros on card 2345\nCan only accept donations from year 2013\nCharging 10 euros on card 1004\nCharging 10 euros on card 1004\n()\nCharging 5 euros on card 2345\n
Charging 5 euros on card 2345\nCan only accept donations from year 2013\nCharging 10 euros on card 1004\nCharging 10 euros on card 1004\nCharging 5 euros on card 2345\n()\n
Charging 5 euros on card 2345\nCan only accept donations from year 2013\nCharging 10 euros on card 1004\nCharging 5 euros on card 2345\n()\nCharging 10 euros on card 1004\n
Charging 5 euros on card 2345\nCan only accept donations from year 2013\nCharging 10 euros on card 1004\nCharging 5 euros on card 2345\nCharging 10 euros on card 1004\n()\n
Charging 5 euros on card 2345\nCan only accept donations from year 2013\nCharging 5 euros on card 2345\n()\nCharging 10 euros on card 1004\nCharging 10 euros on card 1004\n
Charging 5 euros on card 2345\nCan only accept donations from year 2013\nCharging 5 euros on card 2345\nCharging 10 euros on card 1004\n()\nCharging 10 euros on card 1004\n
Charging 5 euros on card 2345\nCan only accept donations from year 2013\nCharging 5 euros on card 2345\nCharging 10 euros on card 1004\nCharging 10 euros on card 1004\n()\n
Charging 5 euros on card 2345\nCharging 10 euros on card 1004\n()\nCan only accept donations from year 2013\nCharging 10 euros on card 1004\nCharging 5 euros on card 2345\n
Charging 5 euros on card 2345\nCharging 10 euros on card 1004\n()\nCan only accept donations from year 2013\nCharging 5 euros on card 2345\nCharging 10 euros on card 1004\n
Charging 5 euros on card 2345\nCharging 10 euros on card 1004\n()\nCharging 10 euros on card 1004\nCan only accept donations from year 2013\nCharging 5 euros on card 2345\n
Charging 5 euros on card 2345\nCharging 10 euros on card 1004\n()\nCharging 10 euros on card 1004\nCharging 5 euros on card 2345\nCan only accept donations from year 2013\n
Charging 5 euros on card 2345\nCharging 10 euros on card 1004\n()\nCharging 5 euros on card 2345\nCan only accept donations from year 2013\nCharging 10 euros on card 1004\n
Charging 5 euros on card 2345\nCharging 10 euros on card 1004\n()\nCharging 5 euros on card 2345\nCharging 10 euros on card 1004\nCan only accept donations from year 2013\n
Charging 5 euros on card 2345\nCharging 10 euros on card 1004\nCan only accept donations from year 2013\n()\nCharging 10 euros on card 1004\nCharging 5 euros on card 2345\n
Charging 5 euros on card 2345\nCharging 10 euros on card 1004\nCan only accept donations from year 2013\n()\nCharging 5 euros on card 2345\nCharging 10 euros on card 1004\n
Charging 5 euros on card 2345\nCharging 10 euros on card 1004\nCan only accept donations from year 2013\nCharging 10 euros on card 1004\n()\nCharging 5 euros on card 2345\n
Charging 5 euros on card 2345\nCharging 10 euros on card 1004\nCan only accept donations from year 2013\nCharging 10 euros on card 1004\nCharging 5 euros on card 2345\n()\n
Charging 5 euros on card 2345\nCharging 10 euros on card 1004\nCan only accept donations from year 2013\nCharging 5 euros on card 2345\n()\nCharging 10 euros on card 1004\n
Charging 5 euros on card 2345\nCharging 10 euros on card 1004\nCan only accept donations from year 2013\nCharging 5 euros on card 2345\nCharging 10 euros on card 1004\n()\n
Charging 5 euros on card 2345\nCharging 10 euros on card 1004\nCharging 10 euros on card 1004\n()\nCan only accept donations from year 2013\nCharging 5 euros on card 2345\n
Charging 5 euros on card 2345\nCharging 10 euros on card 1004\nCharging 10 euros on card 1004\n()\nCharging 5 euros on card 2345\nCan only accept donations from year 2013\n
Charging 5 euros on card 2345\nCharging 10 euros on card 1004\nCharging 10 euros on card 1004\nCan only accept donations from year 2013\n()\nCharging 5 euros on card 2345\n
Charging 5 euros on card 2345\nCharging 10 euros on card 1004\nCharging 10 euros on card 1004\nCan only accept donations from year 2013\nCharging 5 euros on card 2345\n()\n
Charging 5 euros on card 2345\nCharging 10 euros on card 1004\nCharging 10 euros on card 1004\nCharging 5 euros on card 2345\n()\nCan only accept donations from year 2013\n
Charging 5 euros on card 2345\nCharging 10 euros on card 1004\nCharging 10 euros on card 1004\nCharging 5 euros on card 2345\nCan only accept donations from year 2013\n()\n
Charging 5 euros on card 2345\nCharging 10 euros on card 1004\nCharging 5 euros on card 2345\n()\nCan only accept donations from year 2013\nCharging 10 euros on card 1004\n
Charging 5 euros on card 2345\nCharging 10 euros on card 1004\nCharging 5 euros on card 2345\n()\nCharging 10 euros on card 1004\nCan only accept donations from year 2013\n
Charging 5 euros on card 2345\nCharging 10 euros on card 1004\nCharging 5 euros on card 2345\nCan only accept donations from year 2013\n()\nCharging 10 euros on card 1004\n
Charging 5 euros on card 2345\nCharging 10 euros on card 1004\nCharging 5 euros on card 2345\nCan only accept donations from year 2013\nCharging 10 euros on card 1004\n()\n
Charging 5 euros on card 2345\nCharging 10 euros on card 1004\nCharging 5 euros on card 2345\nCharging 10 euros on card 1004\n()\nCan only accept donations from year 2013\n
Charging 5 euros on card 2345\nCharging 10 euros on card 1004\nCharging 5 euros on card 2345\nCharging 10 euros on card 1004\nCan only accept donations from year 2013\n()\n
Charging 5 euros on card 2345\nCharging 5 euros on card 2345\n()\nCan only accept donations from year 2013\nCharging 10 euros on card 1004\nCharging 10 euros on card 1004\n
Charging 5 euros on card 2345\nCharging 5 euros on card 2345\n()\nCharging 10 euros on card 1004\nCan only accept donations from year 2013\nCharging 10 euros on card 1004\n
Charging 5 euros on card 2345\nCharging 5 euros on card 2345\n()\nCharging 10 euros on card 1004\nCharging 10 euros on card 1004\nCan only accept donations from year 2013\n
Charging 5 euros on card 2345\nCharging 5 euros on card 2345\nCan only accept donations from year 2013\n()\nCharging 10 euros on card 1004\nCharging 10 euros on card 1004\n
Charging 5 euros on card 2345\nCharging 5 euros on card 2345\nCan only accept donations from year 2013\nCharging 10 euros on card 1004\n()\nCharging 10 euros on card 1004\n
Charging 5 euros on card 2345\nCharging 5 euros on card 2345\nCan only accept donations from year 2013\nCharging 10 euros on card 1004\nCharging 10 euros on card 1004\n()\n
Charging 5 euros on card 2345\nCharging 5 euros on card 2345\nCharging 10 euros on card 1004\n()\nCan only accept donations from year 2013\nCharging 10 euros on card 1004\n
Charging 5 euros on card 2345\nCharging 5 euros on card 2345\nCharging 10 euros on card 1004\n()\nCharging 10 euros on card 1004\nCan only accept donations from year 2013\n
Charging 5 euros on card 2345\nCharging 5 euros on card 2345\nCharging 10 euros on card 1004\nCan only accept donations from year 2013\n()\nCharging 10 euros on card 1004\n
Charging 5 euros on card 2345\nCharging 5 euros on card 2345\nCharging 10 euros on card 1004\nCan only accept donations from year 2013\nCharging 10 euros on card 1004\n()\n
Charging 5 euros on card 2345\nCharging 5 euros on card 2345\nCharging 10 euros on card 1004\nCharging 10 euros on card 1004\n()\nCan only accept donations from year 2013\n
Charging 5 euros on card 2345\nCharging 5 euros on card 2345\nCharging 10 euros on card 1004\nCharging 10 euros on card 1004\nCan only accept donations from year 2013\n()\n