Boe got cake!\nAmi got disappointment\n()\n
Boe got cake!\n()\nAmi got disappointment\n
()\nBoe got cake!\nAmi got disappointment\n
Ami got disappointment\nBoe got cake!\n()\n
Ami got disappointment\n()\nBoe got cake!\n
()\nAmi got disappointment\nBoe got cake!\n
Ami got cake!\nBoe got disappointment\n()\n
Ami got cake!\n()\nBoe got disappointment\n
()\nAmi got cake!\nBoe got disappointment\n
Boe got disappointment\nAmi got cake!\n()\n
Boe got disappointment\n()\nAmi got cake!\n
()\nBoe got disappointment\nAmi got cake!\n