1 is entering critical region \n3 is entering critical region \n2 is entering critical region \n2 is leaving critical region \n3 is leaving critical region \n1 is leaving critical region \n()\n
1 is entering critical region \n2 is entering critical region \n1 is leaving critical region \n3 is entering critical region \n3 is leaving critical region \n2 is leaving critical region \n()\n
1 is entering critical region \n3 is entering critical region \n2 is entering critical region \n3 is leaving critical region \n1 is leaving critical region \n2 is leaving critical region \n()\n
2 is entering critical region \n3 is entering critical region \n2 is leaving critical region \n1 is entering critical region \n1 is leaving critical region \n3 is leaving critical region \n()\n
2 is entering critical region \n3 is entering critical region \n3 is leaving critical region \n1 is entering critical region \n2 is leaving critical region \n1 is leaving critical region \n()\n
3 is entering critical region \n2 is entering critical region \n1 is entering critical region \n3 is leaving critical region \n1 is leaving critical region \n2 is leaving critical region \n()\n
2 is entering critical region \n1 is entering critical region \n3 is entering critical region \n1 is leaving critical region \n2 is leaving critical region \n3 is leaving critical region \n()\n
2 is entering critical region \n1 is entering critical region \n3 is entering critical region \n3 is leaving critical region \n2 is leaving critical region \n1 is leaving critical region \n()\n
3 is entering critical region \n2 is entering critical region \n1 is entering critical region \n2 is leaving critical region \n3 is leaving critical region \n1 is leaving critical region \n()\n
3 is entering critical region \n3 is leaving critical region \n1 is entering critical region \n2 is entering critical region \n1 is leaving critical region \n2 is leaving critical region \n()\n
2 is entering critical region \n1 is entering critical region \n1 is leaving critical region \n2 is leaving critical region \n3 is entering critical region \n3 is leaving critical region \n()\n
3 is entering critical region \n1 is entering critical region \n1 is leaving critical region \n2 is entering critical region \n2 is leaving critical region \n3 is leaving critical region \n()\n
3 is entering critical region \n1 is entering critical region \n2 is entering critical region \n1 is leaving critical region \n2 is leaving critical region \n3 is leaving critical region \n()\n
3 is entering critical region \n1 is entering critical region \n2 is entering critical region \n3 is leaving critical region \n2 is leaving critical region \n1 is leaving critical region \n()\n
3 is entering critical region \n1 is entering critical region \n1 is leaving critical region \n3 is leaving critical region \n2 is entering critical region \n2 is leaving critical region \n()\n
1 is entering critical region \n1 is leaving critical region \n2 is entering critical region \n3 is entering critical region \n2 is leaving critical region \n3 is leaving critical region \n()\n
2 is entering critical region \n3 is entering critical region \n1 is entering critical region \n3 is leaving critical region \n1 is leaving critical region \n2 is leaving critical region \n()\n
1 is entering critical region \n2 is entering critical region \n1 is leaving critical region \n2 is leaving critical region \n3 is entering critical region \n3 is leaving critical region \n()\n
3 is entering critical region \n2 is entering critical region \n3 is leaving critical region \n1 is entering critical region \n2 is leaving critical region \n1 is leaving critical region \n()\n
2 is entering critical region \n3 is entering critical region \n1 is entering critical region \n2 is leaving critical region \n3 is leaving critical region \n1 is leaving critical region \n()\n
1 is entering critical region \n2 is entering critical region \n3 is entering critical region \n1 is leaving critical region \n2 is leaving critical region \n3 is leaving critical region \n()\n
1 is entering critical region \n2 is entering critical region \n3 is entering critical region \n3 is leaving critical region \n2 is leaving critical region \n1 is leaving critical region \n()\n
2 is entering critical region \n1 is entering critical region \n1 is leaving critical region \n3 is entering critical region \n3 is leaving critical region \n2 is leaving critical region \n()\n
3 is entering critical region \n2 is entering critical region \n2 is leaving critical region \n1 is entering critical region \n1 is leaving critical region \n3 is leaving critical region \n()\n
2 is entering critical region \n2 is leaving critical region \n1 is entering critical region \n1 is leaving critical region \n3 is entering critical region \n3 is leaving critical region \n()\n
2 is entering critical region \n2 is leaving critical region \n3 is entering critical region \n3 is leaving critical region \n1 is entering critical region \n1 is leaving critical region \n()\n
3 is entering critical region \n1 is entering critical region \n1 is leaving critical region \n2 is entering critical region \n3 is leaving critical region \n2 is leaving critical region \n()\n
1 is entering critical region \n2 is entering critical region \n2 is leaving critical region \n3 is entering critical region \n3 is leaving critical region \n1 is leaving critical region \n()\n
2 is entering critical region \n1 is entering critical region \n3 is entering critical region \n2 is leaving critical region \n3 is leaving critical region \n1 is leaving critical region \n()\n
1 is entering critical region \n3 is entering critical region \n2 is entering critical region \n1 is leaving critical region \n2 is leaving critical region \n3 is leaving critical region \n()\n
1 is entering critical region \n3 is entering critical region \n2 is entering critical region \n3 is leaving critical region \n2 is leaving critical region \n1 is leaving critical region \n()\n
2 is entering critical region \n2 is leaving critical region \n3 is entering critical region \n1 is entering critical region \n3 is leaving critical region \n1 is leaving critical region \n()\n
1 is entering critical region \n2 is entering critical region \n1 is leaving critical region \n3 is entering critical region \n2 is leaving critical region \n3 is leaving critical region \n()\n
1 is entering critical region \n3 is entering critical region \n3 is leaving critical region \n1 is leaving critical region \n2 is entering critical region \n2 is leaving critical region \n()\n
2 is entering critical region \n3 is entering critical region \n3 is leaving critical region \n1 is entering critical region \n1 is leaving critical region \n2 is leaving critical region \n()\n
2 is entering critical region \n3 is entering critical region \n3 is leaving critical region \n2 is leaving critical region \n1 is entering critical region \n1 is leaving critical region \n()\n
2 is entering critical region \n1 is entering critical region \n3 is entering critical region \n3 is leaving critical region \n1 is leaving critical region \n2 is leaving critical region \n()\n
2 is entering critical region \n1 is entering critical region \n2 is leaving critical region \n1 is leaving critical region \n3 is entering critical region \n3 is leaving critical region \n()\n
3 is entering critical region \n1 is entering critical region \n3 is leaving critical region \n2 is entering critical region \n1 is leaving critical region \n2 is leaving critical region \n()\n
1 is entering critical region \n2 is entering critical region \n3 is entering critical region \n2 is leaving critical region \n1 is leaving critical region \n3 is leaving critical region \n()\n
2 is entering critical region \n2 is leaving critical region \n1 is entering critical region \n3 is entering critical region \n1 is leaving critical region \n3 is leaving critical region \n()\n
1 is entering critical region \n3 is entering critical region \n3 is leaving critical region \n2 is entering critical region \n2 is leaving critical region \n1 is leaving critical region \n()\n
3 is entering critical region \n1 is entering critical region \n2 is entering critical region \n3 is leaving critical region \n1 is leaving critical region \n2 is leaving critical region \n()\n
2 is entering critical region \n3 is entering critical region \n1 is entering critical region \n1 is leaving critical region \n2 is leaving critical region \n3 is leaving critical region \n()\n
2 is entering critical region \n3 is entering critical region \n1 is entering critical region \n3 is leaving critical region \n2 is leaving critical region \n1 is leaving critical region \n()\n
1 is entering critical region \n2 is entering critical region \n3 is entering critical region \n1 is leaving critical region \n3 is leaving critical region \n2 is leaving critical region \n()\n
2 is entering critical region \n1 is entering critical region \n2 is leaving critical region \n3 is entering critical region \n1 is leaving critical region \n3 is leaving critical region \n()\n
3 is entering critical region \n1 is entering critical region \n2 is entering critical region \n2 is leaving critical region \n3 is leaving critical region \n1 is leaving critical region \n()\n
1 is entering critical region \n3 is entering critical region \n2 is entering critical region \n1 is leaving critical region \n3 is leaving critical region \n2 is leaving critical region \n()\n
3 is entering critical region \n2 is entering critical region \n2 is leaving critical region \n3 is leaving critical region \n1 is entering critical region \n1 is leaving critical region \n()\n
1 is entering critical region \n3 is entering critical region \n2 is entering critical region \n2 is leaving critical region \n1 is leaving critical region \n3 is leaving critical region \n()\n
2 is entering critical region \n3 is entering critical region \n2 is leaving critical region \n1 is entering critical region \n3 is leaving critical region \n1 is leaving critical region \n()\n
3 is entering critical region \n2 is entering critical region \n1 is entering critical region \n2 is leaving critical region \n1 is leaving critical region \n3 is leaving critical region \n()\n
3 is entering critical region \n3 is leaving critical region \n2 is entering critical region \n1 is entering critical region \n2 is leaving critical region \n1 is leaving critical region \n()\n
3 is entering critical region \n1 is entering critical region \n3 is leaving critical region \n2 is entering critical region \n2 is leaving critical region \n1 is leaving critical region \n()\n
3 is entering critical region \n2 is entering critical region \n1 is entering critical region \n1 is leaving critical region \n3 is leaving critical region \n2 is leaving critical region \n()\n
2 is entering critical region \n3 is entering critical region \n2 is leaving critical region \n3 is leaving critical region \n1 is entering critical region \n1 is leaving critical region \n()\n
1 is entering critical region \n3 is entering critical region \n3 is leaving critical region \n2 is entering critical region \n1 is leaving critical region \n2 is leaving critical region \n()\n
2 is entering critical region \n3 is entering critical region \n1 is entering critical region \n2 is leaving critical region \n1 is leaving critical region \n3 is leaving critical region \n()\n
3 is entering critical region \n2 is entering critical region \n2 is leaving critical region \n1 is entering critical region \n3 is leaving critical region \n1 is leaving critical region \n()\n
1 is entering critical region \n3 is entering critical region \n1 is leaving critical region \n2 is entering critical region \n3 is leaving critical region \n2 is leaving critical region \n()\n
1 is entering critical region \n1 is leaving critical region \n3 is entering critical region \n2 is entering critical region \n3 is leaving critical region \n2 is leaving critical region \n()\n
2 is entering critical region \n3 is entering critical region \n1 is entering critical region \n1 is leaving critical region \n3 is leaving critical region \n2 is leaving critical region \n()\n
3 is entering critical region \n3 is leaving critical region \n1 is entering critical region \n1 is leaving critical region \n2 is entering critical region \n2 is leaving critical region \n()\n
3 is entering critical region \n3 is leaving critical region \n2 is entering critical region \n2 is leaving critical region \n1 is entering critical region \n1 is leaving critical region \n()\n
1 is entering critical region \n1 is leaving critical region \n2 is entering critical region \n2 is leaving critical region \n3 is entering critical region \n3 is leaving critical region \n()\n
1 is entering critical region \n1 is leaving critical region \n3 is entering critical region \n3 is leaving critical region \n2 is entering critical region \n2 is leaving critical region \n()\n
3 is entering critical region \n1 is entering critical region \n3 is leaving critical region \n1 is leaving critical region \n2 is entering critical region \n2 is leaving critical region \n()\n
1 is entering critical region \n2 is entering critical region \n2 is leaving critical region \n3 is entering critical region \n1 is leaving critical region \n3 is leaving critical region \n()\n
3 is entering critical region \n2 is entering critical region \n3 is leaving critical region \n2 is leaving critical region \n1 is entering critical region \n1 is leaving critical region \n()\n
1 is entering critical region \n3 is entering critical region \n1 is leaving critical region \n3 is leaving critical region \n2 is entering critical region \n2 is leaving critical region \n()\n
2 is entering critical region \n1 is entering critical region \n3 is entering critical region \n1 is leaving critical region \n3 is leaving critical region \n2 is leaving critical region \n()\n
3 is entering critical region \n3 is leaving critical region \n1 is entering critical region \n2 is entering critical region \n2 is leaving critical region \n1 is leaving critical region \n()\n
2 is entering critical region \n1 is entering critical region \n3 is entering critical region \n2 is leaving critical region \n1 is leaving critical region \n3 is leaving critical region \n()\n
3 is entering critical region \n3 is leaving critical region \n2 is entering critical region \n1 is entering critical region \n1 is leaving critical region \n2 is leaving critical region \n()\n
2 is entering critical region \n2 is leaving critical region \n3 is entering critical region \n1 is entering critical region \n1 is leaving critical region \n3 is leaving critical region \n()\n
3 is entering critical region \n2 is entering critical region \n1 is entering critical region \n1 is leaving critical region \n2 is leaving critical region \n3 is leaving critical region \n()\n
3 is entering critical region \n2 is entering critical region \n1 is entering critical region \n3 is leaving critical region \n2 is leaving critical region \n1 is leaving critical region \n()\n
3 is entering critical region \n2 is entering critical region \n3 is leaving critical region \n1 is entering critical region \n1 is leaving critical region \n2 is leaving critical region \n()\n
1 is entering critical region \n2 is entering critical region \n3 is entering critical region \n3 is leaving critical region \n1 is leaving critical region \n2 is leaving critical region \n()\n
3 is entering critical region \n1 is entering critical region \n2 is entering critical region \n2 is leaving critical region \n1 is leaving critical region \n3 is leaving critical region \n()\n
2 is entering critical region \n1 is entering critical region \n2 is leaving critical region \n3 is entering critical region \n3 is leaving critical region \n1 is leaving critical region \n()\n
1 is entering critical region \n2 is entering critical region \n3 is entering critical region \n2 is leaving critical region \n3 is leaving critical region \n1 is leaving critical region \n()\n
1 is entering critical region \n2 is entering critical region \n2 is leaving critical region \n1 is leaving critical region \n3 is entering critical region \n3 is leaving critical region \n()\n
1 is entering critical region \n3 is entering critical region \n1 is leaving critical region \n2 is entering critical region \n2 is leaving critical region \n3 is leaving critical region \n()\n
2 is entering critical region \n2 is leaving critical region \n1 is entering critical region \n3 is entering critical region \n3 is leaving critical region \n1 is leaving critical region \n()\n
1 is entering critical region \n1 is leaving critical region \n2 is entering critical region \n3 is entering critical region \n3 is leaving critical region \n2 is leaving critical region \n()\n
1 is entering critical region \n1 is leaving critical region \n3 is entering critical region \n2 is entering critical region \n2 is leaving critical region \n3 is leaving critical region \n()\n
2 is entering critical region \n1 is entering critical region \n1 is leaving critical region \n3 is entering critical region \n2 is leaving critical region \n3 is leaving critical region \n()\n
3 is entering critical region \n1 is entering critical region \n2 is entering critical region \n1 is leaving critical region \n3 is leaving critical region \n2 is leaving critical region \n()\n